
> utn-sanmiguel@0.0.0 build
> vite build

[36mvite v7.2.7 [32mbuilding client environment for production...[36m[39m
transforming...
[32mÔ£ô[39m 57 modules transformed.
node.exe : [31mÔ£ù[39m 
Build failed in 1.14s
En línea: 1 Carácter: 1
+ & "C:\Program 
Files\nodejs/node.exe" 
"C:\Program 
Files\nodejs/node_mo ...
+ ~~~~~~~~~~~~~~~~~~~~~~~~~~
~~~~~~~~~~~~~~~~~~~~~~~~~~~~
~~~~~~~~~~~~~~~
    + CategoryInfo          
    : NotSpecified: ([31m  
  Ô£ù[39m Build failed i   
 n 1.14s:String) [], Rem    
oteException
    + FullyQualifiedErrorId 
    : NativeCommandError
 
[31merror during build:
[31m[vite:esbuild] 
Transform failed with 1 
error:
C:/ProyectosGit/leydeohm/src
/components/workshop/Multime
terSimulator.jsx:229:15: 
ERROR: Unterminated regular 
expression[31m
file: [36mC:/ProyectosGit/l
eydeohm/src/components/works
hop/MultimeterSimulator.jsx:
229:15[31m
[33m
[33mUnterminated regular 
expression[33m
227 |              )}
228 |          </div>
229 |          </div >
    |                 ^
230 |      );
231 |  };
[31m
    at failureErrorWithLog (
C:\ProyectosGit\leydeohm\nod
e_modules\esbuild\lib\main.j
s:1467:15)
    at C:\ProyectosGit\leyde
ohm\node_modules\esbuild\lib
\main.js:736:50
    at responseCallbacks.<co
mputed> (C:\ProyectosGit\ley
deohm\node_modules\esbuild\l
ib\main.js:603:9)
    at handleIncomingPacket 
(C:\ProyectosGit\leydeohm\no
de_modules\esbuild\lib\main.
js:658:12)
    at 
Socket.readFromStdout (C:\Pr
oyectosGit\leydeohm\node_mod
ules\esbuild\lib\main.js:581
:7)
    at Socket.emit 
(node:events:519:28)
    at addChunk (node:intern
al/streams/readable:561:12)
    at readableAddChunkPushB
yteMode (node:internal/strea
ms/readable:512:3)
    at Readable.push (node:i
nternal/streams/readable:392
:5)
    at Pipe.onStreamRead (no
de:internal/stream_base_comm
ons:189:23)[39m
